&&&& RUNNING TensorRT.trtexec [TensorRT v101601] [b11] # trtexec --onnx=/home/adrien/dev/edge-inference-bench/gpu-programming/../models/mobilenet_v2.onnx --saveEngine=/home/adrien/dev/edge-inference-bench/gpu-programming/engines/mobilenet_v2_fp16.engine --fp16 --avgRuns=100 --iterations=200 --warmUp=200
[09/25/2026-15:45:28] [W] Weakly-typed networks have been deprecated in TensorRT. You can use the AutoCast tool (https://nvidia.github.io/TensorRT-Model-Optimizer/guides/8_autocast.html) to convert the network to be strongly typed.
[09/25/2026-15:45:28] [I] === Model Options ===
[09/25/2026-15:45:28] [I] Format: ONNX
[09/25/2026-15:45:28] [I] Model: /home/adrien/dev/edge-inference-bench/gpu-programming/../models/mobilenet_v2.onnx
[09/25/2026-15:45:28] [I] Output:
[09/25/2026-15:45:28] [I] === Build Options ===
[09/25/2026-15:45:28] [I] Memory Pools: workspace: default, dlaSRAM: default, dlaLocalDRAM: default, dlaGlobalDRAM: default, tacticSharedMem: default
[09/25/2026-15:45:28] [I] avgTiming: 8
[09/25/2026-15:45:28] [I] Precision: FP32+FP16
[09/25/2026-15:45:28] [I] LayerPrecisions: 
[09/25/2026-15:45:28] [I] Layer Device Types: 
[09/25/2026-15:45:28] [I] Decomposable Attentions: 
[09/25/2026-15:45:28] [I] Calibration: 
[09/25/2026-15:45:28] [I] Refit: Disabled
[09/25/2026-15:45:28] [I] Strip weights: Disabled
[09/25/2026-15:45:28] [I] Version Compatible: Disabled
[09/25/2026-15:45:28] [I] ONNX Plugin InstanceNorm: Disabled
[09/25/2026-15:45:28] [I] ONNX kENABLE_UINT8_AND_ASYMMETRIC_QUANTIZATION_DLA flag: Disabled
[09/25/2026-15:45:28] [I] ONNX kREPORT_CAPABILITY_DLA flag: Disabled
[09/25/2026-15:45:28] [I] ONNX kADJUST_FOR_DLA flag: Disabled
[09/25/2026-15:45:28] [I] ONNX kENABLE_PLUGIN_OVERRIDE flag: Disabled
[09/25/2026-15:45:28] [I] TensorRT runtime: full
[09/25/2026-15:45:28] [I] Lean DLL Path: 
[09/25/2026-15:45:28] [I] Tempfile Controls: { in_memory: allow, temporary: allow }
[09/25/2026-15:45:28] [I] Exclude Lean Runtime: Disabled
[09/25/2026-15:45:28] [I] Sparsity: Disabled
[09/25/2026-15:45:28] [I] Safe mode: Disabled
[09/25/2026-15:45:28] [I] Build DLA standalone loadable: Disabled
[09/25/2026-15:45:28] [I] Allow GPU fallback for DLA: Disabled
[09/25/2026-15:45:28] [I] DirectIO mode: Disabled
[09/25/2026-15:45:28] [I] Restricted mode: Disabled
[09/25/2026-15:45:28] [I] Skip inference: Disabled
[09/25/2026-15:45:28] [I] Save engine: /home/adrien/dev/edge-inference-bench/gpu-programming/engines/mobilenet_v2_fp16.engine
[09/25/2026-15:45:28] [I] Load engine: 
[09/25/2026-15:45:28] [I] Profiling verbosity: 0
[09/25/2026-15:45:28] [I] Tactic sources: Using default tactic sources
[09/25/2026-15:45:28] [I] timingCacheMode: local
[09/25/2026-15:45:28] [I] timingCacheFile: 
[09/25/2026-15:45:28] [I] Enable Compilation Cache: Enabled
[09/25/2026-15:45:28] [I] Enable Monitor Memory: Disabled
[09/25/2026-15:45:28] [I] CPU Only Mode: Disabled
[09/25/2026-15:45:28] [I] errorOnTimingCacheMiss: Disabled
[09/25/2026-15:45:28] [I] Preview Features: Use default preview flags.
[09/25/2026-15:45:28] [I] MaxAuxStreams: -1
[09/25/2026-15:45:28] [I] BuilderOptimizationLevel: -1
[09/25/2026-15:45:28] [I] MaxTactics: -1
[09/25/2026-15:45:28] [I] Calibration Profile Index: 0
[09/25/2026-15:45:28] [I] Weight Streaming: Disabled
[09/25/2026-15:45:28] [I] Runtime Platform: Same As Build
[09/25/2026-15:45:28] [I] Debug Tensors: 
[09/25/2026-15:45:28] [I] Distributive Independence: Disabled
[09/25/2026-15:45:28] [I] Mark Unfused Tensors As Debug Tensors: Disabled
[09/25/2026-15:45:28] [I] Input(s)s format: fp32:CHW
[09/25/2026-15:45:28] [I] Output(s)s format: fp32:CHW
[09/25/2026-15:45:28] [I] Input build shapes: model
[09/25/2026-15:45:28] [I] Input calibration shapes: model
[09/25/2026-15:45:28] [I] === System Options ===
[09/25/2026-15:45:28] [I] Device: 0
[09/25/2026-15:45:28] [I] DLACore: 
[09/25/2026-15:45:28] [I] Loaded static plugins:
[09/25/2026-15:45:28] [I] setPluginsToSerialize:
[09/25/2026-15:45:28] [I] dynamicPlugins:
[09/25/2026-15:45:28] [I] ignoreParsedPluginLibs: 0
[09/25/2026-15:45:28] [I] 
[09/25/2026-15:45:28] [I] === Inference Options ===
[09/25/2026-15:45:28] [I] Batch: Explicit
[09/25/2026-15:45:28] [I] Input inference shapes: model
[09/25/2026-15:45:28] [I] Iterations: 200
[09/25/2026-15:45:28] [I] Duration: 3s (+ 200ms warm up)
[09/25/2026-15:45:28] [I] Sleep time: 0ms
[09/25/2026-15:45:28] [I] Idle time: 0ms
[09/25/2026-15:45:28] [I] Inference Streams: 1
[09/25/2026-15:45:28] [I] ExposeDMA: Disabled
[09/25/2026-15:45:28] [I] Data transfers: Enabled
[09/25/2026-15:45:28] [I] Spin-wait: Disabled
[09/25/2026-15:45:28] [I] Multithreading: Disabled
[09/25/2026-15:45:28] [I] CUDA Graph: Disabled
[09/25/2026-15:45:28] [I] Separate profiling: Disabled
[09/25/2026-15:45:28] [I] Time Deserialize: Disabled
[09/25/2026-15:45:28] [I] Time Refit: Disabled
[09/25/2026-15:45:28] [I] NVTX verbosity: 0
[09/25/2026-15:45:28] [I] Persistent Cache Ratio: 0
[09/25/2026-15:45:28] [I] Optimization Profile Index: 0
[09/25/2026-15:45:28] [I] Weight Streaming Budget: 100.000000%
[09/25/2026-15:45:28] [I] Inputs:
[09/25/2026-15:45:28] [I] Debug Tensor Save Destinations:
[09/25/2026-15:45:28] [I] Dump All Debug Tensor in Formats: 
[09/25/2026-15:45:28] [I] === Reporting Options ===
[09/25/2026-15:45:28] [I] Verbose: Disabled
[09/25/2026-15:45:28] [I] Averages: 100 inferences
[09/25/2026-15:45:28] [I] Percentiles: 90,95,99
[09/25/2026-15:45:28] [I] Dump refittable layers:Disabled
[09/25/2026-15:45:28] [I] Dump output: Disabled
[09/25/2026-15:45:28] [I] Profile: Disabled
[09/25/2026-15:45:28] [I] Export timing to JSON file: 
[09/25/2026-15:45:28] [I] Export output to JSON file: 
[09/25/2026-15:45:28] [I] Export profile to JSON file: 
[09/25/2026-15:45:28] [I] 
[09/25/2026-15:45:28] [I] === Device Information ===
[09/25/2026-15:45:28] [I] Available Devices: 
[09/25/2026-15:45:28] [I]   Device 0: "Quadro T1000 with Max-Q Design" UUID: GPU-0023d0d1-f72a-1a00-f1dd-ca0633cbc571
[09/25/2026-15:45:29] [I] Selected Device: Quadro T1000 with Max-Q Design
[09/25/2026-15:45:29] [I] Selected Device ID: 0
[09/25/2026-15:45:29] [I] Selected Device UUID: GPU-0023d0d1-f72a-1a00-f1dd-ca0633cbc571
[09/25/2026-15:45:29] [I] Compute Capability: 7.5
[09/25/2026-15:45:29] [I] SMs: 14
[09/25/2026-15:45:29] [I] Device Global Memory: 4095 MiB
[09/25/2026-15:45:29] [I] Shared Memory per SM: 64 KiB
[09/25/2026-15:45:29] [I] Memory Bus Width: 128 bits (ECC disabled)
[09/25/2026-15:45:29] [I] Application Compute Clock Rate: 1.35 GHz
[09/25/2026-15:45:29] [I] Application Memory Clock Rate: 5.001 GHz
[09/25/2026-15:45:29] [I] 
[09/25/2026-15:45:29] [I] Note: The application clock rates do not reflect the actual clock rates that the GPU is currently running at.
[09/25/2026-15:45:29] [I] 
[09/25/2026-15:45:29] [I] TensorRT version: 10.16.1
[09/25/2026-15:45:29] [I] Loading standard plugins
[09/25/2026-15:45:30] [I] [TRT] [MemUsageChange] Init CUDA: CPU +2, GPU +0, now: CPU 29, GPU 798 (MiB)
[09/25/2026-15:45:31] [I] Start parsing network model.
[09/25/2026-15:45:31] [I] [TRT] ----------------------------------------------------------------
[09/25/2026-15:45:31] [I] [TRT] Input filename:   /home/adrien/dev/edge-inference-bench/gpu-programming/../models/mobilenet_v2.onnx
[09/25/2026-15:45:31] [I] [TRT] ONNX IR version:  0.0.8
[09/25/2026-15:45:31] [I] [TRT] Opset version:    17
[09/25/2026-15:45:31] [I] [TRT] Producer name:    pytorch
[09/25/2026-15:45:31] [I] [TRT] Producer version: 2.11.0
[09/25/2026-15:45:31] [I] [TRT] Domain:           
[09/25/2026-15:45:31] [I] [TRT] Model version:    0
[09/25/2026-15:45:31] [I] [TRT] Doc string:       
[09/25/2026-15:45:31] [I] [TRT] ----------------------------------------------------------------
[09/25/2026-15:45:31] [I] Finished parsing network model. Parse time: 0.206683
[09/25/2026-15:45:31] [I] [TRT] BuilderFlag::kTF32 is set but hardware does not support TF32. Disabling TF32.
[09/25/2026-15:45:33] [I] [TRT] [MemUsageChange] Init builder kernel library: CPU +121, GPU +2, now: CPU 430, GPU 800 (MiB)
[09/25/2026-15:45:33] [I] [TRT] BuilderFlag::kTF32 is set but hardware does not support TF32. Disabling TF32.
[09/25/2026-15:45:33] [I] [TRT] Local timing cache in use. Profiling results in this builder pass will not be stored.
[09/25/2026-15:46:38] [I] [TRT] Compiler backend is used during engine build.
[09/25/2026-15:47:09] [I] [TRT] Detected 1 inputs and 1 output network tensors.
[09/25/2026-15:47:12] [I] [TRT] Total Host Persistent Memory: 224464 bytes
[09/25/2026-15:47:12] [I] [TRT] Total Device Persistent Memory: 342528 bytes
[09/25/2026-15:47:12] [I] [TRT] Max Scratch Memory: 2048 bytes
[09/25/2026-15:47:12] [I] [TRT] [BlockAssignment] Started assigning block shifts. This will take 84 steps to complete.
[09/25/2026-15:47:12] [I] [TRT] [BlockAssignment] Algorithm ShiftNTopDown took 2.8697ms to assign 4 blocks to 84 nodes requiring 4264960 bytes.
[09/25/2026-15:47:12] [I] [TRT] Total Activation Memory: 4264960 bytes
[09/25/2026-15:47:12] [I] [TRT] Total Weights Memory: 9623296 bytes
[09/25/2026-15:47:12] [I] [TRT] Compiler backend is used during engine execution.
[09/25/2026-15:47:12] [I] [TRT] Engine generation completed in 98.9656 seconds.
[09/25/2026-15:47:12] [I] [TRT] [MemUsageStats] Peak memory usage of TRT CPU/GPU memory allocators: CPU 3 MiB, GPU 16 MiB
[09/25/2026-15:47:13] [I] Created engine with size: 9.51561 MiB
[09/25/2026-15:47:13] [I] Engine built in 101.563 sec.
[09/25/2026-15:47:17] [I] [TRT] Loaded engine size: 9 MiB
[09/25/2026-15:47:17] [I] Engine deserialized in 0.0830723 sec.
[09/25/2026-15:47:17] [I] [TRT] [MemUsageChange] TensorRT-managed allocation in IExecutionContext creation: CPU +0, GPU +4, now: CPU 0, GPU 13 (MiB)
[09/25/2026-15:47:17] [I] Setting persistentCacheLimit to 0 bytes.
[09/25/2026-15:47:17] [I] Created execution context with device memory size: 4.06738 MiB
[09/25/2026-15:47:17] [I] Using random values for input input
[09/25/2026-15:47:17] [I] Input binding for input with dimensions 1x3x224x224 and type fp32 is created.
[09/25/2026-15:47:17] [I] Output binding for logits with dimensions 1x1000 and type fp32 is created.
[09/25/2026-15:47:17] [I] Starting inference
[09/25/2026-15:47:20] [I] Warmup completed 19 queries over 200 ms
[09/25/2026-15:47:20] [I] Timing trace has 1689 queries over 3.00944 s
[09/25/2026-15:47:20] [I] 
[09/25/2026-15:47:20] [I] === Trace details ===
[09/25/2026-15:47:20] [I] Trace averages of 100 runs:
[09/25/2026-15:47:20] [I] Average on 100 runs - GPU latency: 2.61057 ms - Host latency: 2.68702 ms (enqueue 1.41231 ms)
[09/25/2026-15:47:20] [I] Average on 100 runs - GPU latency: 1.62785 ms - Host latency: 1.68944 ms (enqueue 1.33184 ms)
[09/25/2026-15:47:20] [I] Average on 100 runs - GPU latency: 1.37241 ms - Host latency: 1.4323 ms (enqueue 0.897296 ms)
[09/25/2026-15:47:20] [I] Average on 100 runs - GPU latency: 1.19086 ms - Host latency: 1.24992 ms (enqueue 0.635808 ms)
[09/25/2026-15:47:20] [I] Average on 100 runs - GPU latency: 1.1354 ms - Host latency: 1.19545 ms (enqueue 0.494639 ms)
[09/25/2026-15:47:20] [I] Average on 100 runs - GPU latency: 1.59456 ms - Host latency: 1.65367 ms (enqueue 1.34403 ms)
[09/25/2026-15:47:20] [I] Average on 100 runs - GPU latency: 1.17004 ms - Host latency: 1.2325 ms (enqueue 0.579637 ms)
[09/25/2026-15:47:20] [I] Average on 100 runs - GPU latency: 1.16531 ms - Host latency: 1.2312 ms (enqueue 0.608007 ms)
[09/25/2026-15:47:20] [I] Average on 100 runs - GPU latency: 1.4269 ms - Host latency: 1.48915 ms (enqueue 0.983185 ms)
[09/25/2026-15:47:20] [I] Average on 100 runs - GPU latency: 1.74893 ms - Host latency: 1.80823 ms (enqueue 1.5485 ms)
[09/25/2026-15:47:20] [I] Average on 100 runs - GPU latency: 1.61239 ms - Host latency: 1.67247 ms (enqueue 1.29155 ms)
[09/25/2026-15:47:20] [I] Average on 100 runs - GPU latency: 1.54172 ms - Host latency: 1.60142 ms (enqueue 1.21925 ms)
[09/25/2026-15:47:20] [I] Average on 100 runs - GPU latency: 1.25618 ms - Host latency: 1.31449 ms (enqueue 0.70707 ms)
[09/25/2026-15:47:20] [I] Average on 100 runs - GPU latency: 1.26527 ms - Host latency: 1.325 ms (enqueue 0.739436 ms)
[09/25/2026-15:47:20] [I] Average on 100 runs - GPU latency: 1.45403 ms - Host latency: 1.51329 ms (enqueue 1.06168 ms)
[09/25/2026-15:47:20] [I] Average on 100 runs - GPU latency: 1.75231 ms - Host latency: 1.81185 ms (enqueue 1.54079 ms)
[09/25/2026-15:47:20] [I] 
[09/25/2026-15:47:20] [I] === Performance summary ===
[09/25/2026-15:47:20] [I] Throughput: 561.234 qps
[09/25/2026-15:47:20] [I] Latency: min = 1.11328 ms, max = 7.25102 ms, mean = 1.58488 ms, median = 1.23352 ms, percentile(90%) = 2.24683 ms, percentile(95%) = 2.40356 ms, percentile(99%) = 2.85095 ms
[09/25/2026-15:47:20] [I] Enqueue Time: min = 0.385742 ms, max = 6.05957 ms, mean = 1.07609 ms, median = 0.612061 ms, percentile(90%) = 2.32312 ms, percentile(95%) = 2.47049 ms, percentile(99%) = 2.75818 ms
[09/25/2026-15:47:20] [I] H2D Latency: min = 0.0505981 ms, max = 0.221725 ms, mean = 0.0563522 ms, median = 0.0534668 ms, percentile(90%) = 0.0605469 ms, percentile(95%) = 0.0667725 ms, percentile(99%) = 0.0913696 ms
[09/25/2026-15:47:20] [I] GPU Compute Time: min = 1.05493 ms, max = 7.03491 ms, mean = 1.5235 ms, median = 1.17261 ms, percentile(90%) = 2.18506 ms, percentile(95%) = 2.34363 ms, percentile(99%) = 2.79288 ms
[09/25/2026-15:47:20] [I] D2H Latency: min = 0.00305176 ms, max = 0.00694275 ms, mean = 0.00502878 ms, median = 0.00512695 ms, percentile(90%) = 0.00524902 ms, percentile(95%) = 0.00537109 ms, percentile(99%) = 0.00579834 ms
[09/25/2026-15:47:20] [I] Total Host Walltime: 3.00944 s
[09/25/2026-15:47:20] [I] Total GPU Compute Time: 2.57319 s
[09/25/2026-15:47:20] [W] * GPU compute time is unstable, with coefficient of variance = 41.3504%.
[09/25/2026-15:47:20] [W]   If not already in use, locking GPU clock frequency or adding --useSpinWait may improve the stability.
[09/25/2026-15:47:20] [I] Explanations of the performance metrics are printed in the verbose logs.
[09/25/2026-15:47:20] [I] 
&&&& PASSED TensorRT.trtexec [TensorRT v101601] [b11] # trtexec --onnx=/home/adrien/dev/edge-inference-bench/gpu-programming/../models/mobilenet_v2.onnx --saveEngine=/home/adrien/dev/edge-inference-bench/gpu-programming/engines/mobilenet_v2_fp16.engine --fp16 --avgRuns=100 --iterations=200 --warmUp=200
